  0 tests/inputs/empty.txt
 47 tests/inputs/fox.txt
172 tests/inputs/atlamal.txt
219 total
