  0   0 tests/inputs/empty.txt
  9  47 tests/inputs/fox.txt
 29 172 tests/inputs/atlamal.txt
 38 219 total
