  0 tests/inputs/empty.txt
 47 tests/inputs/fox.txt
154 tests/inputs/atlamal.txt
201 total
