tests/inputs/a/b/c/c.mp3
tests/inputs/a/b/b.csv
tests/inputs/a/a.txt
